// Jest Snapshot v1, https://goo.gl/fbAQLP

exports[`renders correctly 1`] = `
<View
  style={
    Array [
      Object {
        "backgroundColor": "rgb(65, 50, 43)",
        "height": 30,
        "position": "absolute",
        "width": 30,
      },
      Object {
        "left": undefined,
        "top": undefined,
      },
    ]
  }
/>
`;
